11:19:23 **** Build of configuration Debug for project exercise4 ****
make -j16 all 
arm-none-eabi-gcc "../Core/Src/main.c" -mcpu=cortex-m3 -std=gnu11 -g3 -DDEBUG -DUSE_HAL_DRIVER -DSTM32F103x6 -c -I../Core/Inc -I../Drivers/STM32F1xx_HAL_Driver/Inc -I../Drivers/STM32F1xx_HAL_Driver/Inc/Legacy -I../Drivers/CMSIS/Device/ST/STM32F1xx/Include -I../Drivers/CMSIS/Include -O0 -ffunction-sections -fdata-sections -Wall -fstack-usage -MMD -MP -MF"Core/Src/main.d" -MT"Core/Src/main.o" --specs=nano.specs -mfloat-abi=soft -mthumb -o "Core/Src/main.o"
arm-none-eabi-gcc -o "exercise4.elf" @"objects.list"   -mcpu=cortex-m3 -T"D:\Users\haib1\OneDrive\documents\university\year3\2nd_semester\Real_Time_System_DrLeTrongNhan\lab2\exercise4\STM32F103C6UX_FLASH.ld" --specs=nosys.specs -Wl,-Map="exercise4.map" -Wl,--gc-sections -static --specs=nano.specs -mfloat-abi=soft -mthumb -Wl,--start-group -lc -lm -Wl,--end-group
Finished building target: exercise4.elf
 
arm-none-eabi-size   exercise4.elf 
arm-none-eabi-objdump -h -S  exercise4.elf  > "exercise4.list"
arm-none-eabi-objcopy  -O ihex  exercise4.elf  "exercise4.hex"
   text	   data	    bss	    dec	    hex	filename
   7632	     36	   1724	   9392	   24b0	exercise4.elf
arm-none-eabi-objcopy  -O binary  exercise4.elf  "exercise4.bin"
Finished building: default.size.stdout
 
Finished building: exercise4.list
Finished building: exercise4.hex
Finished building: exercise4.bin
 
 
 

11:19:25 Build Finished. 0 errors, 0 warnings. (took 1s.946ms)

